Archive member included to satisfy reference by file (symbol)

c:/program files (x86)/gnu tools arm embedded/5.2 2015q4/bin/../lib/gcc/arm-none-eabi/5.2.1/../../../../arm-none-eabi/lib/armv7-m\libg.a(lib_a-memcpy.o)
                              ..\obj\ctl.o (memcpy)
c:/program files (x86)/gnu tools arm embedded/5.2 2015q4/bin/../lib/gcc/arm-none-eabi/5.2.1/../../../../arm-none-eabi/lib/armv7-m\libg.a(lib_a-sprintf.o)
                              ..\obj\bldc.o (sprintf)
c:/program files (x86)/gnu tools arm embedded/5.2 2015q4/bin/../lib/gcc/arm-none-eabi/5.2.1/../../../../arm-none-eabi/lib/armv7-m\libg.a(lib_a-strlen-stub.o)
                              ..\obj\bldc.o (strlen)
c:/program files (x86)/gnu tools arm embedded/5.2 2015q4/bin/../lib/gcc/arm-none-eabi/5.2.1/../../../../arm-none-eabi/lib/armv7-m\libg.a(lib_a-svfprintf.o)
                              c:/program files (x86)/gnu tools arm embedded/5.2 2015q4/bin/../lib/gcc/arm-none-eabi/5.2.1/../../../../arm-none-eabi/lib/armv7-m\libg.a(lib_a-sprintf.o) (_svfprintf_r)
c:/program files (x86)/gnu tools arm embedded/5.2 2015q4/bin/../lib/gcc/arm-none-eabi/5.2.1/../../../../arm-none-eabi/lib/armv7-m\libg.a(lib_a-dtoa.o)
                              c:/program files (x86)/gnu tools arm embedded/5.2 2015q4/bin/../lib/gcc/arm-none-eabi/5.2.1/../../../../arm-none-eabi/lib/armv7-m\libg.a(lib_a-svfprintf.o) (_dtoa_r)
c:/program files (x86)/gnu tools arm embedded/5.2 2015q4/bin/../lib/gcc/arm-none-eabi/5.2.1/../../../../arm-none-eabi/lib/armv7-m\libg.a(lib_a-impure.o)
                              c:/program files (x86)/gnu tools arm embedded/5.2 2015q4/bin/../lib/gcc/arm-none-eabi/5.2.1/../../../../arm-none-eabi/lib/armv7-m\libg.a(lib_a-sprintf.o) (_impure_ptr)
c:/program files (x86)/gnu tools arm embedded/5.2 2015q4/bin/../lib/gcc/arm-none-eabi/5.2.1/../../../../arm-none-eabi/lib/armv7-m\libg.a(lib_a-locale.o)
                              c:/program files (x86)/gnu tools arm embedded/5.2 2015q4/bin/../lib/gcc/arm-none-eabi/5.2.1/../../../../arm-none-eabi/lib/armv7-m\libg.a(lib_a-svfprintf.o) (_localeconv_r)
c:/program files (x86)/gnu tools arm embedded/5.2 2015q4/bin/../lib/gcc/arm-none-eabi/5.2.1/../../../../arm-none-eabi/lib/armv7-m\libg.a(lib_a-mallocr.o)
                              c:/program files (x86)/gnu tools arm embedded/5.2 2015q4/bin/../lib/gcc/arm-none-eabi/5.2.1/../../../../arm-none-eabi/lib/armv7-m\libg.a(lib_a-svfprintf.o) (_malloc_r)
c:/program files (x86)/gnu tools arm embedded/5.2 2015q4/bin/../lib/gcc/arm-none-eabi/5.2.1/../../../../arm-none-eabi/lib/armv7-m\libg.a(lib_a-memchr-stub.o)
                              c:/program files (x86)/gnu tools arm embedded/5.2 2015q4/bin/../lib/gcc/arm-none-eabi/5.2.1/../../../../arm-none-eabi/lib/armv7-m\libg.a(lib_a-svfprintf.o) (memchr)
c:/program files (x86)/gnu tools arm embedded/5.2 2015q4/bin/../lib/gcc/arm-none-eabi/5.2.1/../../../../arm-none-eabi/lib/armv7-m\libg.a(lib_a-mlock.o)
                              c:/program files (x86)/gnu tools arm embedded/5.2 2015q4/bin/../lib/gcc/arm-none-eabi/5.2.1/../../../../arm-none-eabi/lib/armv7-m\libg.a(lib_a-mallocr.o) (__malloc_lock)
c:/program files (x86)/gnu tools arm embedded/5.2 2015q4/bin/../lib/gcc/arm-none-eabi/5.2.1/../../../../arm-none-eabi/lib/armv7-m\libg.a(lib_a-mprec.o)
                              c:/program files (x86)/gnu tools arm embedded/5.2 2015q4/bin/../lib/gcc/arm-none-eabi/5.2.1/../../../../arm-none-eabi/lib/armv7-m\libg.a(lib_a-dtoa.o) (_Balloc)
c:/program files (x86)/gnu tools arm embedded/5.2 2015q4/bin/../lib/gcc/arm-none-eabi/5.2.1/../../../../arm-none-eabi/lib/armv7-m\libg.a(lib_a-s_fpclassify.o)
                              c:/program files (x86)/gnu tools arm embedded/5.2 2015q4/bin/../lib/gcc/arm-none-eabi/5.2.1/../../../../arm-none-eabi/lib/armv7-m\libg.a(lib_a-svfprintf.o) (__fpclassifyd)
c:/program files (x86)/gnu tools arm embedded/5.2 2015q4/bin/../lib/gcc/arm-none-eabi/5.2.1/../../../../arm-none-eabi/lib/armv7-m\libg.a(lib_a-sbrkr.o)
                              c:/program files (x86)/gnu tools arm embedded/5.2 2015q4/bin/../lib/gcc/arm-none-eabi/5.2.1/../../../../arm-none-eabi/lib/armv7-m\libg.a(lib_a-mallocr.o) (_sbrk_r)
c:/program files (x86)/gnu tools arm embedded/5.2 2015q4/bin/../lib/gcc/arm-none-eabi/5.2.1/../../../../arm-none-eabi/lib/armv7-m\libg.a(lib_a-strcmp.o)
                              c:/program files (x86)/gnu tools arm embedded/5.2 2015q4/bin/../lib/gcc/arm-none-eabi/5.2.1/../../../../arm-none-eabi/lib/armv7-m\libg.a(lib_a-locale.o) (strcmp)
c:/program files (x86)/gnu tools arm embedded/5.2 2015q4/bin/../lib/gcc/arm-none-eabi/5.2.1/../../../../arm-none-eabi/lib/armv7-m\libg.a(lib_a-svfiprintf.o)
                              c:/program files (x86)/gnu tools arm embedded/5.2 2015q4/bin/../lib/gcc/arm-none-eabi/5.2.1/../../../../arm-none-eabi/lib/armv7-m\libg.a(lib_a-svfprintf.o) (__ssprint_r)
[...]
Memory Configuration

Name             Origin             Length             Attributes
rom              0x08000000         0x00020000         xr
ram              0x20000000         0x00005000         xrw
*default*        0x00000000         0xffffffff

Linker script and memory map

                0x20005000                _eram = 0x20005000

.text           0x08000000     0x2ca0
 *(.isr_vector)
 .isr_vector    0x08000000      0x10c ..\obj\startup_stm32f10x_md.o
                0x08000000                g_pfnVectors
 *(.text*)
 .text.TIM_TimeBaseInit
                0x0800010c       0xf8 ..\obj\stm32f10x_tim.o
                0x0800010c                TIM_TimeBaseInit
 .text.TIM_OC1Init
                0x08000204      0x118 ..\obj\stm32f10x_tim.o
                0x08000204                TIM_OC1Init
 .text.TIM_OC2Init
                0x0800031c      0x110 ..\obj\stm32f10x_tim.o
                0x0800031c                TIM_OC2Init
 .text.TIM_OC3Init
                0x0800042c      0x10c ..\obj\stm32f10x_tim.o
                0x0800042c                TIM_OC3Init
 .text.TIM_BDTRConfig
                0x08000538       0x50 ..\obj\stm32f10x_tim.o
                0x08000538                TIM_BDTRConfig
 .text.TIM_Cmd  0x08000588       0x40 ..\obj\stm32f10x_tim.o
                0x08000588                TIM_Cmd
 .text.TIM_CtrlPWMOutputs
                0x080005c8       0x4c ..\obj\stm32f10x_tim.o
                0x080005c8                TIM_CtrlPWMOutputs
 .text.TIM_ITConfig
                0x08000614       0x48 ..\obj\stm32f10x_tim.o
                0x08000614                TIM_ITConfig
 .text.TIM_CCxCmd
                0x0800065c       0x5c ..\obj\stm32f10x_tim.o
                0x0800065c                TIM_CCxCmd
 .text.TIM_CCxNCmd
                0x080006b8       0x5c ..\obj\stm32f10x_tim.o
                0x080006b8                TIM_CCxNCmd
 .text.TIM_SelectOCxM
                0x08000714       0xac ..\obj\stm32f10x_tim.o
                0x08000714                TIM_SelectOCxM
 .text.TIM_SetCounter
                0x080007c0       0x1c ..\obj\stm32f10x_tim.o
                0x080007c0                TIM_SetCounter
 .text.TIM_GetCounter
                0x080007dc       0x18 ..\obj\stm32f10x_tim.o
                0x080007dc                TIM_GetCounter
 .text.TIM_ClearITPendingBit
                0x080007f4       0x20 ..\obj\stm32f10x_tim.o
                0x080007f4                TIM_ClearITPendingBit
 .text.HWE_Ini  0x08000814       0x44 ..\obj\hwe.o
                0x08000814                HWE_Ini
 .text.SystemInit
                0x08000858       0x68 ..\obj\system_stm32f10x.o
                0x08000858                SystemInit
 .text.SetSysClock
                0x080008c0        0xc ..\obj\system_stm32f10x.o
 .text.SetSysClockTo72
                0x080008cc      0x100 ..\obj\system_stm32f10x.o
 .text.Default_Reset_Handler
                0x080009cc       0x60 ..\obj\startup_stm32f10x_md.o
                0x080009cc                Default_Reset_Handler
                0x080009cc                Reset_Handler
 .text.Default_Handler
                0x08000a2c        0x8 ..\obj\startup_stm32f10x_md.o
                0x08000a2c                DebugMon_Handler
                0x08000a2c                TIM1_CC_IRQHandler
                0x08000a2c                HardFault_Handler
                0x08000a2c                SysTick_Handler
                0x08000a2c                PVD_IRQHandler
                0x08000a2c                PendSV_Handler
                0x08000a2c                NMI_Handler
                0x08000a2c                I2C2_EV_IRQHandler
                0x08000a2c                UsageFault_Handler
                0x08000a2c                ADC1_2_IRQHandler
                0x08000a2c                SPI1_IRQHandler
                0x08000a2c                TAMPER_IRQHandler
                0x08000a2c                DMA1_Channel4_IRQHandler
                0x08000a2c                RTC_IRQHandler
                0x08000a2c                DMA1_Channel7_IRQHandler
                0x08000a2c                CAN1_RX1_IRQHandler
                0x08000a2c                TIM4_IRQHandler
                0x08000a2c                I2C1_EV_IRQHandler
                0x08000a2c                DMA1_Channel6_IRQHandler
                0x08000a2c                RCC_IRQHandler
                0x08000a2c                TIM1_TRG_COM_IRQHandler
                0x08000a2c                DMA1_Channel1_IRQHandler
                0x08000a2c                EXTI15_10_IRQHandler
                0x08000a2c                SPI2_IRQHandler
                0x08000a2c                MemManage_Handler
                0x08000a2c                SVC_Handler
                0x08000a2c                DMA1_Channel5_IRQHandler
                0x08000a2c                EXTI4_IRQHandler
                0x08000a2c                USB_LP_CAN1_RX0_IRQHandler
                0x08000a2c                USB_HP_CAN1_TX_IRQHandler
                0x08000a2c                DMA1_Channel3_IRQHandler
                0x08000a2c                TIM1_UP_IRQHandler
                0x08000a2c                WWDG_IRQHandler
                0x08000a2c                TIM1_BRK_IRQHandler
                0x08000a2c                RTCAlarm_IRQHandler
                0x08000a2c                USART2_IRQHandler
                0x08000a2c                I2C2_ER_IRQHandler
                0x08000a2c                DMA1_Channel2_IRQHandler
                0x08000a2c                CAN1_SCE_IRQHandler
                0x08000a2c                FLASH_IRQHandler
                0x08000a2c                BusFault_Handler
                0x08000a2c                USART1_IRQHandler
                0x08000a2c                I2C1_ER_IRQHandler
                0x08000a2c                USBWakeUp_IRQHandler
 .text.GPIO_Init
                0x08000a34      0x178 ..\obj\stm32f10x_gpio.o
                0x08000a34                GPIO_Init
 .text.GPIO_ReadInputData
                0x08000bac       0x18 ..\obj\stm32f10x_gpio.o
                0x08000bac                GPIO_ReadInputData
 .text.GPIO_WriteBit
                0x08000bc4       0x30 ..\obj\stm32f10x_gpio.o
                0x08000bc4                GPIO_WriteBit
 .text.GPIO_EXTILineConfig
                0x08000bf4       0x84 ..\obj\stm32f10x_gpio.o
                0x08000bf4                GPIO_EXTILineConfig
 .text.CTL_Ini  0x08000c78        0xc ..\obj\ctl.o
                0x08000c78                CTL_Ini
 .text.CTL_Main
                0x08000c84      0x238 ..\obj\ctl.o
                0x08000c84                CTL_Main
 .text.CTL_1ms  0x08000ebc       0x4c ..\obj\ctl.o
                0x08000ebc                CTL_1ms
 .text.CTL_10ms
                0x08000f08        0xc ..\obj\ctl.o
                0x08000f08                CTL_10ms
 .text.CTL_100ms
                0x08000f14        0xc ..\obj\ctl.o
                0x08000f14                CTL_100ms
 .text.CTL_1s   0x08000f20       0xa4 ..\obj\ctl.o
                0x08000f20                CTL_1s
 .text.main     0x08000fc4       0x38 ..\obj\main.o
                0x08000fc4                main
 .text.EXT_Ini  0x08000ffc       0x54 ..\obj\ext.o
                0x08000ffc                EXT_Ini
 .text.EXTI9_5_IRQHandler
                0x08001050       0x14 ..\obj\ext.o
                0x08001050                EXTI9_5_IRQHandler
 .text.RCC_GetClocksFreq
                0x08001064      0x160 ..\obj\stm32f10x_rcc.o
                0x08001064                RCC_GetClocksFreq
 .text.RCC_APB2PeriphClockCmd
                0x080011c4       0x3c ..\obj\stm32f10x_rcc.o
                0x080011c4                RCC_APB2PeriphClockCmd
 .text.RCC_APB1PeriphClockCmd
                0x08001200       0x3c ..\obj\stm32f10x_rcc.o
                0x08001200                RCC_APB1PeriphClockCmd
 .text.EXTI_Init
                0x0800123c       0xe4 ..\obj\stm32f10x_exti.o
                0x0800123c                EXTI_Init
 .text.EXTI_ClearITPendingBit
                0x08001320       0x1c ..\obj\stm32f10x_exti.o
                0x08001320                EXTI_ClearITPendingBit
 .text.USART_Init
                0x0800133c      0x178 ..\obj\stm32f10x_usart.o
                0x0800133c                USART_Init
 .text.USART_Cmd
                0x080014b4       0x40 ..\obj\stm32f10x_usart.o
                0x080014b4                USART_Cmd
 .text.USART_ITConfig
                0x080014f4       0x90 ..\obj\stm32f10x_usart.o
                0x080014f4                USART_ITConfig
 .text.USART_SendData
                0x08001584       0x24 ..\obj\stm32f10x_usart.o
                0x08001584                USART_SendData
 .text.USART_ReceiveData
                0x080015a8       0x20 ..\obj\stm32f10x_usart.o
                0x080015a8                USART_ReceiveData
 .text.USART_GetITStatus
                0x080015c8       0xb4 ..\obj\stm32f10x_usart.o
                0x080015c8                USART_GetITStatus
 .text.USART_ClearITPendingBit
                0x0800167c       0x38 ..\obj\stm32f10x_usart.o
                0x0800167c                USART_ClearITPendingBit
 .text.TIM1_Ini
                0x080016b4      0x110 ..\obj\tim1.o
                0x080016b4                TIM1_Ini
 .text.TIM2_Ini
                0x080017c4       0x64 ..\obj\tim2.o
                0x080017c4                TIM2_Ini
 .text.TIM2_IRQHandler
                0x08001828       0x24 ..\obj\tim2.o
                0x08001828                TIM2_IRQHandler
 .text.TIM3_Ini
                0x0800184c       0x60 ..\obj\tim3.o
                0x0800184c                TIM3_Ini
 .text.TIM3_IRQHandler
                0x080018ac       0x18 ..\obj\tim3.o
                0x080018ac                TIM3_IRQHandler
 .text.BLDC_Ini
                0x080018c4       0x48 ..\obj\bldc.o
                0x080018c4                BLDC_Ini
 .text.BLDC_Set_Hall
                0x0800190c       0xf8 ..\obj\bldc.o
                0x0800190c                BLDC_Set_Hall
 .text.BLDC_Hall_Interrupt
                0x08001a04      0x124 ..\obj\bldc.o
                0x08001a04                BLDC_Hall_Interrupt
 .text.bldc_Commute
                0x08001b28      0x22c ..\obj\bldc.o
                0x08001b28                bldc_Commute
 .text.bldc_Prepare_Interrupts
                0x08001d54       0xd0 ..\obj\bldc.o
                0x08001d54                bldc_Prepare_Interrupts
 .text.bldc_Configure_Interrupts
                0x08001e24      0x164 ..\obj\bldc.o
                0x08001e24                bldc_Configure_Interrupts
 .text.BLDC_Set_PWM
                0x08001f88       0x50 ..\obj\bldc.o
                0x08001f88                BLDC_Set_PWM
 .text.BLDC_Set_Direction
                0x08001fd8       0x54 ..\obj\bldc.o
                0x08001fd8                BLDC_Set_Direction
 .text.bldc_Get_Hall
                0x0800202c       0x44 ..\obj\bldc.o
                0x0800202c                bldc_Get_Hall
 .text.BLDC_Manual_Commutation
                0x08002070       0x38 ..\obj\bldc.o
                0x08002070                BLDC_Manual_Commutation
 .text.BLDC_pu8Automatic_Hall_Detection_Hex
                0x080020a8       0x40 ..\obj\bldc.o
                0x080020a8                BLDC_pu8Automatic_Hall_Detection_Hex
 .text.bldc_Invert_Index_and_Value
                0x080020e8       0x68 ..\obj\bldc.o
                0x080020e8                bldc_Invert_Index_and_Value
 .text.BLDC_Set_Mode
                0x08002150       0x34 ..\obj\bldc.o
                0x08002150                BLDC_Set_Mode
 .text.BLDC_Test_Mosfets
                0x08002184      0x138 ..\obj\bldc.o
                0x08002184                BLDC_Test_Mosfets
 .text.USART3_Ini
                0x080022bc       0xb4 ..\obj\usart3.o
                0x080022bc                USART3_Ini
 .text.USART3_IRQHandler
                0x08002370       0x84 ..\obj\usart3.o
                0x08002370                USART3_IRQHandler
 .text.NVIC_PriorityGroupConfig
                0x080023f4       0x24 ..\obj\misc.o
                0x080023f4                NVIC_PriorityGroupConfig
 .text.NVIC_Init
                0x08002418       0xc4 ..\obj\misc.o
                0x08002418                NVIC_Init
 .text.TSC_Ini  0x080024dc      0x148 ..\obj\tsc.o
                0x080024dc                TSC_Ini
 .text.EXTI0_IRQHandler
                0x08002624       0x14 ..\obj\tsc.o
                0x08002624                EXTI0_IRQHandler
 .text.EXTI1_IRQHandler
                0x08002638       0x14 ..\obj\tsc.o
                0x08002638                EXTI1_IRQHandler
 .text.EXTI2_IRQHandler
                0x0800264c       0x14 ..\obj\tsc.o
                0x0800264c                EXTI2_IRQHandler
 .text.EXTI3_IRQHandler
                0x08002660       0x14 ..\obj\tsc.o
                0x08002660                EXTI3_IRQHandler
 .text.TSC_1ms  0x08002674      0x108 ..\obj\tsc.o
                0x08002674                TSC_1ms
 .text.SER3_Ini
                0x0800277c       0x2c ..\obj\ser3.o
                0x0800277c                SER3_Ini
 .text.SER3_Protocol_Handling
                0x080027a8      0x1b0 ..\obj\ser3.o
                0x080027a8                SER3_Protocol_Handling
 .text.SER3_u8Valid_Data
                0x08002958       0x30 ..\obj\ser3.o
                0x08002958                SER3_u8Valid_Data
 .text.SER3_Send_Protocol
                0x08002988       0x8c ..\obj\ser3.o
                0x08002988                SER3_Send_Protocol
 .text.ser3_Start_Sending
                0x08002a14       0x38 ..\obj\ser3.o
                0x08002a14                ser3_Start_Sending
 .text.SER3_SndBuf_Put
                0x08002a4c       0x40 ..\obj\ser3.o
                0x08002a4c                SER3_SndBuf_Put
 .text.SER3_u8SndBuf_Get
                0x08002a8c       0x40 ..\obj\ser3.o
                0x08002a8c                SER3_u8SndBuf_Get
 .text.SER3_u8SndBuf_Empty
                0x08002acc       0x28 ..\obj\ser3.o
                0x08002acc                SER3_u8SndBuf_Empty
 .text.SER3_RecBuf_Put
                0x08002af4       0x40 ..\obj\ser3.o
                0x08002af4                SER3_RecBuf_Put
 .text.SER3_u8RecBuf_Get
                0x08002b34       0x40 ..\obj\ser3.o
                0x08002b34                SER3_u8RecBuf_Get
 .text.SER3_u8RecBuf_Empty
                0x08002b74       0x28 ..\obj\ser3.o
                0x08002b74                SER3_u8RecBuf_Empty
 .text.IWDG_ReloadCounter
                0x08002b9c       0x18 ..\obj\stm32f10x_iwdg.o
                0x08002b9c                IWDG_ReloadCounter
 .text          0x08002bb4       0xec c:/program files (x86)/gnu tools arm embedded/5.2 2015q4/bin/../lib/gcc/arm-none-eabi/5.2.1/../../../../arm-none-eabi/lib/armv7-m\libg.a(lib_a-memcpy.o)
                0x08002bb4                memcpy
 *(.init)
 *(.fini)
 *crtbegin.o(.ctors)
 *crtbegin?.o(.ctors)
 *(EXCLUDE_FILE(*crtend.o *crtend?.o) .ctors)
 *(SORT(.ctors.*))
 *(.ctors)
 *crtbegin.o(.dtors)
 *crtbegin?.o(.dtors)
 *(EXCLUDE_FILE(*crtend.o *crtend?.o) .dtors)
 *(SORT(.dtors.*))
 *(.dtors)
 *(.rodata*)
 *(.eh_fram e*)

.glue_7         0x08002ca0        0x0
 .glue_7        0x08002ca0        0x0 linker stubs

.glue_7t        0x08002ca0        0x0
 .glue_7t       0x08002ca0        0x0 linker stubs

.vfp11_veneer   0x08002ca0        0x0
 .vfp11_veneer  0x08002ca0        0x0 linker stubs

.v4_bx          0x08002ca0        0x0
 .v4_bx         0x08002ca0        0x0 linker stubs

.iplt           0x08002ca0        0x0
 .iplt          0x08002ca0        0x0 ..\obj\stm32f10x_tim.o

.rel.dyn        0x08002ca0        0x0
 .rel.iplt      0x08002ca0        0x0 ..\obj\stm32f10x_tim.o

.ARM.extab
 *(.ARM.extab* .gnu.linkonce.armextab.*)
                0x08002ca0                __exidx_start = .

.ARM.exidx
 *(.ARM.exidx* .gnu.linkonce.armexidx.*)
                0x08002ca0                __exidx_end = .
                0x08002ca0                __etext = .
                0x08002ca0                _sidata = __etext

.data           0x20000000       0x28 load address 0x08002ca0
                0x20000000                __data_start__ = .
                0x20000000                _sdata = __data_start__
 *(vtable)
 *(.data*)
 .data          0x20000000       0x14 ..\obj\stm32f10x_rcc.o
 .data          0x20000014       0x10 ..\obj\bldc.o
                0x20000014                bldc_au8LookUpTable_Sensorless
                0x20000022                bldc_u8State
 .data          0x20000024        0x3 ..\obj\tsc.o
                0x20000028                . = ALIGN (0x4)
 *fill*         0x20000027        0x1 
                [!provide]                PROVIDE (__preinit_array_start, .)
 *(.preinit_array)
                [!provide]                PROVIDE (__preinit_array_end, .)
                0x20000028                . = ALIGN (0x4)
                [!provide]                PROVIDE (__init_array_start, .)
 *(SORT(.init_array.*))
 *(.init_array)
                [!provide]                PROVIDE (__init_array_end, .)
                0x20000028                . = ALIGN (0x4)
                [!provide]                PROVIDE (__fini_array_start, .)
 *(SORT(.fini_array.*))
 *(.fini_array)
                [!provide]                PROVIDE (__fini_array_end, .)
 *(.jcr*)
                0x20000028                . = ALIGN (0x4)
                0x20000028                __data_end__ = .
                0x20000028                _edata = __data_end__

.igot.plt       0x20000028        0x0 load address 0x08002cc8
 .igot.plt      0x20000028        0x0 ..\obj\stm32f10x_tim.o

.bss            0x20000028      0x61c load address 0x08002cc8
                0x20000028                . = ALIGN (0x4)
                0x20000028                __bss_start__ = .
                0x20000028                _sbss = __bss_start__
 *(.bss*)
 .bss           0x20000028        0x7 ..\obj\ctl.o
                0x20000028                u16TimeoutCounter
                0x2000002a                ctl_u16Man_Kom_Cnt
                0x2000002c                ctl_State
                0x2000002d                ctl_u8RPS_Info_Enabled
                0x2000002e                ctl_u8Hall_Detection_Enabled
 *fill*         0x2000002f        0x1 
 .bss           0x20000030        0x9 ..\obj\bldc.o
                0x20000030                bldc_u8Direction
                0x20000031                bldc_Mode
 .bss           0x20000039        0x3 ..\obj\tsc.o
 .bss           0x2000003c        0xf ..\obj\ser3.o
                0x2000003c                ser3_Operation
                0x2000003e                ser3_u16SndBuf_Head
                0x20000040                ser3_u16SndBuf_Tail
                0x20000042                ser3_u16RecBuf_Head
                0x20000044                ser3_u16RecBuf_Tail
 *(COMMON)
 *fill*         0x2000004b        0x1 
 COMMON         0x2000004c      0x244 ..\obj\hwe.o
                0x2000004c                SER3_u8Number_Of_Data
                0x20000050                BLDC_u32HallInterrupt_Counter_A
                0x20000054                BLDC_u32Latest_Period
                0x20000058                BLDC_u32Counter_With_Overflow_Respecting
                0x2000005c                SER3_au8SndBuf
                0x2000015c                TSC_u8Flag_1s
                0x20000160                BLDC_u32HallInterrupt_Counter_C
                0x20000164                TSC_u8Flag_100ms
                0x20000165                SER3_u8Running
                0x20000168                SER3_au8RecBuf
                0x20000268                TSC_u8Flag_1ms
                0x20000269                TSC_u8Flag_10ms
                0x2000026c                BLDC_au32Physical_Period
                0x20000288                USART3_u32Baudrate
                0x2000028c                BLDC_u32HallInterrupt_Counter_B
 COMMON         0x20000290      0x114 ..\obj\ctl.o
                0x20000290                ctl_u16Man_Kom_Time
                0x20000292                ctl_u8Recess_State
                0x20000298                unAnyData
                0x200002a0                au8Temp
                0x200003a0                ctl_u16Usek
 COMMON         0x200003a4       0x94 ..\obj\bldc.o
                0x200003a4                bldc_au8LookUpTable_Hall_Startup
                0x200003b2                bldc_u8MotorType
                0x200003b4                bldc_au32Time_Counter
                0x200003d0                bldc_au8LookUpTable_Automatic_Hall_Detection
                0x200003d8                bldc_au16HallsignalPeriode
                0x200003e6                bldc_u8Hall_Pattern
                0x200003e8                bldc_au8LookUpTable_Hall
                0x200003f8                bldc_au32Time_Counter_Backup
                0x20000414                bldc_au16Periode
                0x20000418                bldc_au32Speed_Counters
                0x20000434                bldc_PWM
                0x20000436                bldc_u16Speed_Counter_Overflow
 COMMON         0x20000438      0x209 ..\obj\ser3.o
                0x20000438                ser3_u8Valid_Data
                0x2000043c                ser3_au8RecBuf
                0x20000540                ser3_au8SndBuf
                0x20000644                . = ALIGN (0x4)
 *fill*         0x20000641        0x3 
                0x20000644                __bss_end__ = .
                0x20000644                _ebss = __bss_end__

.heap           0x20000644        0x0
                0x20000644                __end__ = .
                0x20000644                _end = __end__
                0x20000644                end = __end__
 *(.heap*)
                0x20000644                __HeapLimit = .

.co_stack       0x20000644      0x404 load address 0x080032e4
                0x20000648                . = ALIGN (0x8)
 *fill*         0x20000644        0x4 
 *(.co_stack .co_stack.*)
 .co_stack      0x20000648      0x400 ..\obj\startup_stm32f10x_md.o
                0x20000648                pulStack
                0x20005000                __StackTop = (ORIGIN (ram) + LENGTH (ram))
                0x20004bfc                __StackLimit = (__StackTop - SIZEOF (.co_stack))
                [!provide]                PROVIDE (__stack, __StackTop)
                0x00000001                ASSERT ((__StackLimit >= __HeapLimit), region ram  overflowed with stack)
LOAD ..\obj\stm32f10x_tim.o
LOAD ..\obj\hwe.o
LOAD ..\obj\system_stm32f10x.o
LOAD ..\obj\startup_stm32f10x_md.o
LOAD ..\obj\stm32f10x_gpio.o
LOAD ..\obj\ctl.o
LOAD ..\obj\main.o
LOAD ..\obj\ext.o
LOAD ..\obj\stm32f10x_rcc.o
LOAD ..\obj\stm32f10x_exti.o
LOAD ..\obj\stm32f10x_adc.o
LOAD ..\obj\stm32f10x_usart.o
LOAD ..\obj\tim1.o
LOAD ..\obj\tim2.o
LOAD ..\obj\tim3.o
LOAD ..\obj\syscalls.o
LOAD ..\obj\stm32f10x_dma.o
LOAD ..\obj\bldc.o
LOAD ..\obj\usart3.o
LOAD ..\obj\misc.o
LOAD ..\obj\tsc.o
LOAD ..\obj\ser3.o
LOAD ..\obj\stm32f10x_iwdg.o
START GROUP
LOAD c:/program files (x86)/gnu tools arm embedded/5.2 2015q4/bin/../lib/gcc/arm-none-eabi/5.2.1/armv7-m\libgcc.a
LOAD c:/program files (x86)/gnu tools arm embedded/5.2 2015q4/bin/../lib/gcc/arm-none-eabi/5.2.1/../../../../arm-none-eabi/lib/armv7-m\libg.a
LOAD c:/program files (x86)/gnu tools arm embedded/5.2 2015q4/bin/../lib/gcc/arm-none-eabi/5.2.1/../../../../arm-none-eabi/lib/armv7-m\libc.a
END GROUP
OUTPUT(main.elf elf32-littlearm)

.debug_info     0x00000000     0x8653
 .debug_info    0x00000000     0x1c60 ..\obj\stm32f10x_tim.o
 .debug_info    0x00001c60      0x375 ..\obj\hwe.o
 .debug_info    0x00001fd5      0x47d ..\obj\system_stm32f10x.o
 .debug_info    0x00002452       0xe9 ..\obj\startup_stm32f10x_md.o
 .debug_info    0x0000253b      0x6f6 ..\obj\stm32f10x_gpio.o
 .debug_info    0x00002c31      0x400 ..\obj\ctl.o
 .debug_info    0x00003031      0x200 ..\obj\main.o
 .debug_info    0x00003231      0x53d ..\obj\ext.o
 .debug_info    0x0000376e      0x899 ..\obj\stm32f10x_rcc.o
 .debug_info    0x00004007      0x351 ..\obj\stm32f10x_exti.o
 .debug_info    0x00004358      0x9f0 ..\obj\stm32f10x_usart.o
 .debug_info    0x00004d48      0x703 ..\obj\tim1.o
 .debug_info    0x0000544b      0x68f ..\obj\tim2.o
 .debug_info    0x00005ada      0x68f ..\obj\tim3.o
 .debug_info    0x00006169      0xa43 ..\obj\bldc.o
 .debug_info    0x00006bac      0x6a3 ..\obj\usart3.o
 .debug_info    0x0000724f      0x541 ..\obj\misc.o
 .debug_info    0x00007790      0x6b8 ..\obj\tsc.o
 .debug_info    0x00007e48      0x5fd ..\obj\ser3.o
 .debug_info    0x00008445      0x20e ..\obj\stm32f10x_iwdg.o

.debug_abbrev   0x00000000     0x1a4e
 .debug_abbrev  0x00000000      0x1b2 ..\obj\stm32f10x_tim.o
 .debug_abbrev  0x000001b2      0x116 ..\obj\hwe.o
 .debug_abbrev  0x000002c8      0x14e ..\obj\system_stm32f10x.o
 .debug_abbrev  0x00000416       0xa7 ..\obj\startup_stm32f10x_md.o
 .debug_abbrev  0x000004bd      0x1cc ..\obj\stm32f10x_gpio.o
 .debug_abbrev  0x00000689      0x104 ..\obj\ctl.o
 .debug_abbrev  0x0000078d       0x8c ..\obj\main.o
 .debug_abbrev  0x00000819      0x148 ..\obj\ext.o
 .debug_abbrev  0x00000961      0x1bc ..\obj\stm32f10x_rcc.o
 .debug_abbrev  0x00000b1d      0x155 ..\obj\stm32f10x_exti.o
 .debug_abbrev  0x00000c72      0x164 ..\obj\stm32f10x_usart.o
 .debug_abbrev  0x00000dd6      0x116 ..\obj\tim1.o
 .debug_abbrev  0x00000eec      0x139 ..\obj\tim2.o
 .debug_abbrev  0x00001025      0x139 ..\obj\tim3.o
 .debug_abbrev  0x0000115e      0x1e2 ..\obj\bldc.o
 .debug_abbrev  0x00001340      0x139 ..\obj\usart3.o
 .debug_abbrev  0x00001479      0x147 ..\obj\misc.o
 .debug_abbrev  0x000015c0      0x1b2 ..\obj\tsc.o
 .debug_abbrev  0x00001772      0x1d9 ..\obj\ser3.o
 .debug_abbrev  0x0000194b      0x103 ..\obj\stm32f10x_iwdg.o

.debug_aranges  0x00000000      0x9a0
 .debug_aranges
                0x00000000      0x2f0 ..\obj\stm32f10x_tim.o
 .debug_aranges
                0x000002f0       0x20 ..\obj\hwe.o
 .debug_aranges
                0x00000310       0x38 ..\obj\system_stm32f10x.o
 .debug_aranges
                0x00000348       0x28 ..\obj\startup_stm32f10x_md.o
 .debug_aranges
                0x00000370       0xa8 ..\obj\stm32f10x_gpio.o
 .debug_aranges
                0x00000418       0x48 ..\obj\ctl.o
 .debug_aranges
                0x00000460       0x20 ..\obj\main.o
 .debug_aranges
                0x00000480       0x28 ..\obj\ext.o
 .debug_aranges
                0x000004a8      0x118 ..\obj\stm32f10x_rcc.o
 .debug_aranges
                0x000005c0       0x58 ..\obj\stm32f10x_exti.o
 .debug_aranges
                0x00000618      0x100 ..\obj\stm32f10x_usart.o
 .debug_aranges
                0x00000718       0x20 ..\obj\tim1.o
 .debug_aranges
                0x00000738       0x28 ..\obj\tim2.o
 .debug_aranges
                0x00000760       0x28 ..\obj\tim3.o
 .debug_aranges
                0x00000788       0xa0 ..\obj\bldc.o
 .debug_aranges
                0x00000828       0x28 ..\obj\usart3.o
 .debug_aranges
                0x00000850       0x40 ..\obj\misc.o
 .debug_aranges
                0x00000890       0x50 ..\obj\tsc.o
 .debug_aranges
                0x000008e0       0x78 ..\obj\ser3.o
 .debug_aranges
                0x00000958       0x48 ..\obj\stm32f10x_iwdg.o

.debug_ranges   0x00000000      0x860
 .debug_ranges  0x00000000      0x2e0 ..\obj\stm32f10x_tim.o
 .debug_ranges  0x000002e0       0x10 ..\obj\hwe.o
 .debug_ranges  0x000002f0       0x28 ..\obj\system_stm32f10x.o
 .debug_ranges  0x00000318       0x18 ..\obj\startup_stm32f10x_md.o
 .debug_ranges  0x00000330       0x98 ..\obj\stm32f10x_gpio.o
 .debug_ranges  0x000003c8       0x38 ..\obj\ctl.o
 .debug_ranges  0x00000400       0x10 ..\obj\main.o
 .debug_ranges  0x00000410       0x18 ..\obj\ext.o
 .debug_ranges  0x00000428      0x108 ..\obj\stm32f10x_rcc.o
 .debug_ranges  0x00000530       0x48 ..\obj\stm32f10x_exti.o
 .debug_ranges  0x00000578       0xf0 ..\obj\stm32f10x_usart.o
 .debug_ranges  0x00000668       0x10 ..\obj\tim1.o
 .debug_ranges  0x00000678       0x18 ..\obj\tim2.o
 .debug_ranges  0x00000690       0x18 ..\obj\tim3.o
 .debug_ranges  0x000006a8       0x90 ..\obj\bldc.o
 .debug_ranges  0x00000738       0x18 ..\obj\usart3.o
 .debug_ranges  0x00000750       0x30 ..\obj\misc.o
 .debug_ranges  0x00000780       0x40 ..\obj\tsc.o
 .debug_ranges  0x000007c0       0x68 ..\obj\ser3.o
 .debug_ranges  0x00000828       0x38 ..\obj\stm32f10x_iwdg.o

.debug_line     0x00000000     0x4543
 .debug_line    0x00000000      0xbac ..\obj\stm32f10x_tim.o
 .debug_line    0x00000bac      0x274 ..\obj\hwe.o
 .debug_line    0x00000e20      0x250 ..\obj\system_stm32f10x.o
 .debug_line    0x00001070       0xb8 ..\obj\startup_stm32f10x_md.o
 .debug_line    0x00001128      0x42c ..\obj\stm32f10x_gpio.o
 .debug_line    0x00001554      0x2a2 ..\obj\ctl.o
 .debug_line    0x000017f6      0x1d4 ..\obj\main.o
 .debug_line    0x000019ca      0x295 ..\obj\ext.o
 .debug_line    0x00001c5f      0x527 ..\obj\stm32f10x_rcc.o
 .debug_line    0x00002186      0x302 ..\obj\stm32f10x_exti.o
 .debug_line    0x00002488      0x50e ..\obj\stm32f10x_usart.o
 .debug_line    0x00002996      0x2a6 ..\obj\tim1.o
 .debug_line    0x00002c3c      0x29b ..\obj\tim2.o
 .debug_line    0x00002ed7      0x299 ..\obj\tim3.o
 .debug_line    0x00003170      0x51d ..\obj\bldc.o
 .debug_line    0x0000368d      0x2c2 ..\obj\usart3.o
 .debug_line    0x0000394f      0x29f ..\obj\misc.o
 .debug_line    0x00003bee      0x36a ..\obj\tsc.o
 .debug_line    0x00003f58      0x394 ..\obj\ser3.o
 .debug_line    0x000042ec      0x257 ..\obj\stm32f10x_iwdg.o

.debug_str      0x00000000     0x306d
 .debug_str     0x00000000      0xd38 ..\obj\stm32f10x_tim.o
                                0xdfb (size before relaxing)
 .debug_str     0x00000d38      0x330 ..\obj\hwe.o
                                0x49b (size before relaxing)
 .debug_str     0x00001068      0x188 ..\obj\system_stm32f10x.o
                                0x30d (size before relaxing)
 .debug_str     0x000011f0       0xc6 ..\obj\startup_stm32f10x_md.o
                                0x15d (size before relaxing)
 .debug_str     0x000012b6      0x277 ..\obj\stm32f10x_gpio.o
                                0x537 (size before relaxing)
 .debug_str     0x0000152d      0x225 ..\obj\ctl.o
                                0x517 (size before relaxing)
 .debug_str     0x00001752       0x47 ..\obj\main.o
                                0x332 (size before relaxing)
 .debug_str     0x00001799      0x3a5 ..\obj\ext.o
                                0x81e (size before relaxing)
 .debug_str     0x00001b3e      0x3fe ..\obj\stm32f10x_rcc.o
                                0x638 (size before relaxing)
 .debug_str     0x00001f3c      0x1e8 ..\obj\stm32f10x_exti.o
                                0x367 (size before relaxing)
 .debug_str     0x00002124      0x445 ..\obj\stm32f10x_usart.o
                                0x6ae (size before relaxing)
 .debug_str     0x00002569       0x8b ..\obj\tim1.o
                                0x772 (size before relaxing)
 .debug_str     0x000025f4       0x76 ..\obj\tim2.o
                                0x888 (size before relaxing)
 .debug_str     0x0000266a       0x5b ..\obj\tim3.o
                                0x888 (size before relaxing)
 .debug_str     0x000026c5      0x397 ..\obj\bldc.o
                                0x9fe (size before relaxing)
 .debug_str     0x00002a5c       0x75 ..\obj\usart3.o
                                0x910 (size before relaxing)
 .debug_str     0x00002ad1      0x16f ..\obj\misc.o
                                0x3dc (size before relaxing)
 .debug_str     0x00002c40      0x118 ..\obj\tsc.o
                                0x9ba (size before relaxing)
 .debug_str     0x00002d58      0x21f ..\obj\ser3.o
                                0x5a1 (size before relaxing)
 .debug_str     0x00002f77       0xf6 ..\obj\stm32f10x_iwdg.o
                                0x27a (size before relaxing)

.comment        0x00000000       0x6e
 .comment       0x00000000       0x6e ..\obj\stm32f10x_tim.o
                                 0x6f (size before relaxing)
 .comment       0x0000006e       0x6f ..\obj\hwe.o
 .comment       0x0000006e       0x6f ..\obj\system_stm32f10x.o
 .comment       0x0000006e       0x6f ..\obj\startup_stm32f10x_md.o
 .comment       0x0000006e       0x6f ..\obj\stm32f10x_gpio.o
 .comment       0x0000006e       0x6f ..\obj\ctl.o
 .comment       0x0000006e       0x6f ..\obj\main.o
 .comment       0x0000006e       0x6f ..\obj\ext.o
 .comment       0x0000006e       0x6f ..\obj\stm32f10x_rcc.o
 .comment       0x0000006e       0x6f ..\obj\stm32f10x_exti.o
 .comment       0x0000006e       0x6f ..\obj\stm32f10x_usart.o
 .comment       0x0000006e       0x6f ..\obj\tim1.o
 .comment       0x0000006e       0x6f ..\obj\tim2.o
 .comment       0x0000006e       0x6f ..\obj\tim3.o
 .comment       0x0000006e       0x6f ..\obj\bldc.o
 .comment       0x0000006e       0x6f ..\obj\usart3.o
 .comment       0x0000006e       0x6f ..\obj\misc.o
 .comment       0x0000006e       0x6f ..\obj\tsc.o
 .comment       0x0000006e       0x6f ..\obj\ser3.o
 .comment       0x0000006e       0x6f ..\obj\stm32f10x_iwdg.o

.ARM.attributes
                0x00000000       0x31
 .ARM.attributes
                0x00000000       0x33 ..\obj\stm32f10x_tim.o
 .ARM.attributes
                0x00000033       0x33 ..\obj\hwe.o
 .ARM.attributes
                0x00000066       0x33 ..\obj\system_stm32f10x.o
 .ARM.attributes
                0x00000099       0x33 ..\obj\startup_stm32f10x_md.o
 .ARM.attributes
                0x000000cc       0x33 ..\obj\stm32f10x_gpio.o
 .ARM.attributes
                0x000000ff       0x33 ..\obj\ctl.o
 .ARM.attributes
                0x00000132       0x33 ..\obj\main.o
 .ARM.attributes
                0x00000165       0x33 ..\obj\ext.o
 .ARM.attributes
                0x00000198       0x33 ..\obj\stm32f10x_rcc.o
 .ARM.attributes
                0x000001cb       0x33 ..\obj\stm32f10x_exti.o
 .ARM.attributes
                0x000001fe       0x33 ..\obj\stm32f10x_usart.o
 .ARM.attributes
                0x00000231       0x33 ..\obj\tim1.o
 .ARM.attributes
                0x00000264       0x33 ..\obj\tim2.o
 .ARM.attributes
                0x00000297       0x33 ..\obj\tim3.o
 .ARM.attributes
                0x000002ca       0x33 ..\obj\bldc.o
 .ARM.attributes
                0x000002fd       0x33 ..\obj\usart3.o
 .ARM.attributes
                0x00000330       0x33 ..\obj\misc.o
 .ARM.attributes
                0x00000363       0x33 ..\obj\tsc.o
 .ARM.attributes
                0x00000396       0x33 ..\obj\ser3.o
 .ARM.attributes
                0x000003c9       0x33 ..\obj\stm32f10x_iwdg.o
 .ARM.attributes
                0x000003fc       0x1b c:/program files (x86)/gnu tools arm embedded/5.2 2015q4/bin/../lib/gcc/arm-none-eabi/5.2.1/../../../../arm-none-eabi/lib/armv7-m\libg.a(lib_a-memcpy.o)

.debug_frame    0x00000000     0x261c
 .debug_frame   0x00000000      0xe2c ..\obj\stm32f10x_tim.o
 .debug_frame   0x00000e2c       0x34 ..\obj\hwe.o
 .debug_frame   0x00000e60       0x98 ..\obj\system_stm32f10x.o
 .debug_frame   0x00000ef8       0x4c ..\obj\startup_stm32f10x_md.o
 .debug_frame   0x00000f44      0x2d0 ..\obj\stm32f10x_gpio.o
 .debug_frame   0x00001214       0xc4 ..\obj\ctl.o
 .debug_frame   0x000012d8       0x2c ..\obj\main.o
 .debug_frame   0x00001304       0x50 ..\obj\ext.o
 .debug_frame   0x00001354      0x4f4 ..\obj\stm32f10x_rcc.o
 .debug_frame   0x00001848      0x148 ..\obj\stm32f10x_exti.o
 .debug_frame   0x00001990      0x490 ..\obj\stm32f10x_usart.o
 .debug_frame   0x00001e20       0x34 ..\obj\tim1.o
 .debug_frame   0x00001e54       0x50 ..\obj\tim2.o
 .debug_frame   0x00001ea4       0x50 ..\obj\tim3.o
 .debug_frame   0x00001ef4      0x254 ..\obj\bldc.o
 .debug_frame   0x00002148       0x58 ..\obj\usart3.o
 .debug_frame   0x000021a0       0xd8 ..\obj\misc.o
 .debug_frame   0x00002278       0xe8 ..\obj\tsc.o
 .debug_frame   0x00002360      0x1cc ..\obj\ser3.o
 .debug_frame   0x0000252c       0xf0 ..\obj\stm32f10x_iwdg.o
